\BOOKMARK [1][-]{section.1}{\376\377\127\372\147\054\167\345\213\306\126\336\230\176}{}% 1
\BOOKMARK [2][-]{subsection.1.1}{\376\377\121\340\117\125\121\111\133\146\060\001\226\366\155\113\127\060\176\277\116\016\000\040\000H\000a\000m\000i\000l\000t\000o\000n\000\040\137\142\137\017}{section.1}% 2
\BOOKMARK [2][-]{subsection.1.2}{\376\377\000S\000c\000h\000w\000a\000r\000z\000s\000c\000h\000i\000l\000d\000\040\211\343}{section.1}% 3
\BOOKMARK [2][-]{subsection.1.3}{\376\377\000K\000e\000r\000r\000\040\211\343}{section.1}% 4
\BOOKMARK [2][-]{subsection.1.4}{\376\377\000O\000u\000t\000g\000o\000i\000n\000g\000\040\000C\000a\000r\000t\000e\000s\000i\000a\000n\000\040\000K\000e\000r\000r\040\023\000S\000c\000h\000i\000l\000d\000\040\127\120\150\007}{section.1}% 5
\BOOKMARK [2][-]{subsection.1.5}{\376\377\000K\000e\000r\000r\000\040\133\210\140\122\221\317}{section.1}% 6
\BOOKMARK [1][-]{section.2}{\376\377\211\302\155\113\200\005}{}% 7
\BOOKMARK [2][-]{subsection.2.1}{\376\377\134\100\127\337\153\143\116\244\150\007\147\266}{section.2}% 8
\BOOKMARK [2][-]{subsection.2.2}{\376\377\000B\000a\000r\000d\000e\000e\000n\000\040\217\334\127\072\127\120\150\007}{section.2}% 9
\BOOKMARK [2][-]{subsection.2.3}{\376\377\000S\000c\000h\000w\000a\000r\000z\000s\000c\000h\000i\000l\000d\000\040\147\201\226\120\000\040\000a\000\040\000t\000o\000\040\0000}{section.2}% 10
\BOOKMARK [1][-]{section.3}{\376\377\000S\000c\000h\000w\000a\000r\000z\000s\000c\000h\000i\000l\000d\000\040\226\366\155\113\127\060\176\277}{}% 11
\BOOKMARK [2][-]{subsection.3.1}{\376\377\217\320\122\250\145\271\172\013}{section.3}% 12
\BOOKMARK [2][-]{subsection.3.2}{\376\377\121\111\133\120\164\003\060\001\116\064\165\114\123\112\137\204\116\016\217\150\220\123\122\006\174\173}{section.3}% 13
\BOOKMARK [2][-]{subsection.3.3}{\376\377\120\117\142\230\116\016\131\032\127\010\217\150\220\123}{section.3}% 14
\BOOKMARK [1][-]{section.4}{\376\377\000K\000e\000r\000r\000\040\226\366\155\113\127\060\176\277\116\016\000\040\000k\000e\000r\000r\000.\000h\000t\000m\000l}{}% 15
\BOOKMARK [2][-]{subsection.4.1}{\376\377\000H\000a\000m\000i\000l\000t\000o\000n\040\023\000J\000a\000c\000o\000b\000i\000\040\122\006\171\273\116\016\000\040\000C\000a\000r\000t\000e\000r\000\040\122\277}{section.4}% 16
\BOOKMARK [2][-]{subsection.4.2}{\376\377\164\003\137\142\121\111\133\120\217\150\220\123\116\016\116\064\165\114\146\362\176\277}{section.4}% 17
\BOOKMARK [2][-]{subsection.4.3}{\376\377\000C\000a\000r\000t\000e\000s\000i\000a\000n\000\040\000H\000a\000m\000i\000l\000t\000o\000n\000\040\174\373\176\337}{section.4}% 18
\BOOKMARK [2][-]{subsection.4.4}{\376\377\143\125\203\267\060\001\220\003\220\070\116\016\133\210\140\122\213\312\145\255}{section.4}% 19
\BOOKMARK [1][-]{section.5}{\376\377\145\160\120\074\133\236\163\260}{}% 20
\BOOKMARK [2][-]{subsection.5.1}{\376\377\171\357\122\006\116\016\116\213\116\366}{section.5}% 21
\BOOKMARK [2][-]{subsection.5.2}{\376\377\232\214\213\301\123\237\122\031}{section.5}% 22
\BOOKMARK [1][-]{section.6}{\376\377\220\002\165\050\203\003\126\364}{}% 23
\BOOKMARK [1][-]{appendix.A}{\376\377\173\046\123\367\116\016\137\025\144\316\133\371\136\224}{}% 24
\BOOKMARK [1][-]{appendix.B}{\376\377\116\073\211\201\173\046\123\367}{}% 25
\BOOKMARK [1][-]{section*.5}{\376\377\123\302\200\003\145\207\163\056}{}% 26
